[    0.000000] Initializing cgroup subsys cpuset
[    0.000000] Initializing cgroup subsys cpu
[    0.000000] Initializing cgroup subsys cpuacct
[    0.000000] Linux version 4.4.0-146-generic (buildd@lcy01-amd64-025) (gcc version 5.4.0 20160609 (Ubuntu 5.4.0-6ubuntu1~16.04.10) ) #172-Ubuntu SMP Wed Apr 3 09:00:08 UTC 2019 (Ubuntu 4.4.0-146.172-generic 4.4.177)
[    0.000000] Command line: BOOT_IMAGE=/boot/vmlinuz-4.4.0-146-generic root=LABEL=cloudimg-rootfs ro console=tty1 console=ttyS0
[    0.000000] KERNEL supported cpus:
[    0.000000]   Intel GenuineIntel
[    0.000000]   AMD AuthenticAMD
[    0.000000]   Centaur CentaurHauls
[    0.000000] x86/fpu: xstate_offset[2]:  576, xstate_sizes[2]:  256
[    0.000000] x86/fpu: Supporting XSAVE feature 0x01: 'x87 floating point registers'
[    0.000000] x86/fpu: Supporting XSAVE feature 0x02: 'SSE registers'
[    0.000000] x86/fpu: Supporting XSAVE feature 0x04: 'AVX registers'
[    0.000000] x86/fpu: Enabled xstate features 0x7, context size is 832 bytes, using 'standard' format.
[    0.000000] e820: BIOS-provided physical RAM map:
[    0.000000] BIOS-e820: [mem 0x0000000000000000-0x000000000009fbff] usable
[    0.000000] BIOS-e820: [mem 0x000000000009fc00-0x000000000009ffff] reserved
[    0.000000] BIOS-e820: [mem 0x00000000000f0000-0x00000000000fffff] reserved
[    0.000000] BIOS-e820: [mem 0x0000000000100000-0x000000003ffeffff] usable
[    0.000000] BIOS-e820: [mem 0x000000003fff0000-0x000000003fffffff] ACPI data
[    0.000000] BIOS-e820: [mem 0x00000000fec00000-0x00000000fec00fff] reserved
[    0.000000] BIOS-e820: [mem 0x00000000fee00000-0x00000000fee00fff] reserved
[    0.000000] BIOS-e820: [mem 0x00000000fffc0000-0x00000000ffffffff] reserved
[    0.000000] NX (Execute Disable) protection: active
[    0.000000] SMBIOS 2.5 present.
[    0.000000] Hypervisor detected: KVM
[    0.000000] e820: last_pfn = 0x3fff0 max_arch_pfn = 0x400000000
[    0.000000] MTRR: Disabled
[    0.000000] x86/PAT: MTRRs disabled, skipping PAT initialization too.
[    0.000000] CPU MTRRs all blank - virtualized system.
[    0.000000] x86/PAT: Configuration [0-7]: WB  WT  UC- UC  WB  WT  UC- UC  
[    0.000000] found SMP MP-table at [mem 0x0009fff0-0x0009ffff] mapped at [ffff88000009fff0]
[    0.000000] Scanning 1 areas for low memory corruption
[    0.000000] RAMDISK: [mem 0x362fc000-0x37175fff]
[    0.000000] ACPI: Early table checksum verification disabled
[    0.000000] ACPI: RSDP 0x00000000000E0000 000024 (v02 VBOX  )
[    0.000000] ACPI: XSDT 0x000000003FFF0030 00003C (v01 VBOX   VBOXXSDT 00000001 ASL  00000061)
[    0.000000] ACPI: FACP 0x000000003FFF00F0 0000F4 (v04 VBOX   VBOXFACP 00000001 ASL  00000061)
[    0.000000] ACPI: DSDT 0x000000003FFF0470 0022EA (v02 VBOX   VBOXBIOS 00000002 INTL 20100528)
[    0.000000] ACPI: FACS 0x000000003FFF0200 000040
[    0.000000] ACPI: FACS 0x000000003FFF0200 000040
[    0.000000] ACPI: APIC 0x000000003FFF0240 00005C (v02 VBOX   VBOXAPIC 00000001 ASL  00000061)
[    0.000000] ACPI: SSDT 0x000000003FFF02A0 0001CC (v01 VBOX   VBOXCPUT 00000002 INTL 20100528)
[    0.000000] No NUMA configuration found
[    0.000000] Faking a node at [mem 0x0000000000000000-0x000000003ffeffff]
[    0.000000] NODE_DATA(0) allocated [mem 0x3ffeb000-0x3ffeffff]
[    0.000000] kvm-clock: Using msrs 4b564d01 and 4b564d00
[    0.000000] kvm-clock: cpu 0, msr 0:3ffe3001, primary cpu clock
[    0.000000] kvm-clock: using sched offset of 3101235407 cycles
[    0.000000] clocksource: kvm-clock: mask: 0xffffffffffffffff max_cycles: 0x1cd42e4dffb, max_idle_ns: 881590591483 ns
[    0.000000] Zone ranges:
[    0.000000]   DMA      [mem 0x0000000000001000-0x0000000000ffffff]
[    0.000000]   DMA32    [mem 0x0000000001000000-0x000000003ffeffff]
[    0.000000]   Normal   empty
[    0.000000]   Device   empty
[    0.000000] Movable zone start for each node
[    0.000000] Early memory node ranges
[    0.000000]   node   0: [mem 0x0000000000001000-0x000000000009efff]
[    0.000000]   node   0: [mem 0x0000000000100000-0x000000003ffeffff]
[    0.000000] Initmem setup node 0 [mem 0x0000000000001000-0x000000003ffeffff]
[    0.000000] ACPI: PM-Timer IO Port: 0x4008
[    0.000000] IOAPIC[0]: apic_id 2, version 32, address 0xfec00000, GSI 0-23
[    0.000000] ACPI: INT_SRC_OVR (bus 0 bus_irq 0 global_irq 2 dfl dfl)
[    0.000000] ACPI: INT_SRC_OVR (bus 0 bus_irq 9 global_irq 9 low level)
[    0.000000] Using ACPI (MADT) for SMP configuration information
[    0.000000] smpboot: Allowing 2 CPUs, 0 hotplug CPUs
[    0.000000] PM: Registered nosave memory: [mem 0x00000000-0x00000fff]
[    0.000000] PM: Registered nosave memory: [mem 0x0009f000-0x0009ffff]
[    0.000000] PM: Registered nosave memory: [mem 0x000a0000-0x000effff]
[    0.000000] PM: Registered nosave memory: [mem 0x000f0000-0x000fffff]
[    0.000000] e820: [mem 0x40000000-0xfebfffff] available for PCI devices
[    0.000000] Booting paravirtualized kernel on KVM
[    0.000000] clocksource: refined-jiffies: mask: 0xffffffff max_cycles: 0xffffffff, max_idle_ns: 7645519600211568 ns
[    0.000000] setup_percpu: NR_CPUS:512 nr_cpumask_bits:512 nr_cpu_ids:2 nr_node_ids:1
[    0.000000] PERCPU: Embedded 34 pages/cpu @ffff88003fc00000 s99480 r8192 d31592 u1048576
[    0.000000] Built 1 zonelists in Node order, mobility grouping on.  Total pages: 257912
[    0.000000] Policy zone: DMA32
[    0.000000] Kernel command line: BOOT_IMAGE=/boot/vmlinuz-4.4.0-146-generic root=LABEL=cloudimg-rootfs ro console=tty1 console=ttyS0
[    0.000000] PID hash table entries: 4096 (order: 3, 32768 bytes)
[    0.000000] Memory: 997736K/1048120K available (8609K kernel code, 1334K rwdata, 4028K rodata, 1484K init, 1284K bss, 50384K reserved, 0K cma-reserved)
[    0.000000] SLUB: HWalign=64, Order=0-3, MinObjects=0, CPUs=2, Nodes=1
[    0.000000] Kernel/User page tables isolation: enabled
[    0.000000] Hierarchical RCU implementation.
[    0.000000] 	Build-time adjustment of leaf fanout to 64.
[    0.000000] 	RCU restricting CPUs from NR_CPUS=512 to nr_cpu_ids=2.
[    0.000000] RCU: Adjusting geometry for rcu_fanout_leaf=64, nr_cpu_ids=2
[    0.000000] NR_IRQS:33024 nr_irqs:440 16
[    0.000000] Console: colour VGA+ 80x25
[    0.000000] console [tty1] enabled
[    0.000000] console [ttyS0] enabled
[    0.000000] tsc: Detected 2207.994 MHz processor
[    0.144703] Calibrating delay loop (skipped) preset value.. 4415.98 BogoMIPS (lpj=8831976)
[    0.146450] pid_max: default: 32768 minimum: 301
[    0.147394] ACPI: Core revision 20150930
[    0.150038] ACPI: 2 ACPI AML tables successfully acquired and loaded
[    0.151394] Security Framework initialized
[    0.152376] Yama: becoming mindful.
[    0.153201] AppArmor: AppArmor initialized
[    0.154362] Dentry cache hash table entries: 131072 (order: 8, 1048576 bytes)
[    0.156547] Inode-cache hash table entries: 65536 (order: 7, 524288 bytes)
[    0.157927] Mount-cache hash table entries: 2048 (order: 2, 16384 bytes)
[    0.159191] Mountpoint-cache hash table entries: 2048 (order: 2, 16384 bytes)
[    0.160833] Initializing cgroup subsys io
[    0.161763] Initializing cgroup subsys memory
[    0.162683] Initializing cgroup subsys devices
[    0.163622] Initializing cgroup subsys freezer
[    0.164620] Initializing cgroup subsys net_cls
[    0.165559] Initializing cgroup subsys perf_event
[    0.166552] Initializing cgroup subsys net_prio
[    0.167513] Initializing cgroup subsys hugetlb
[    0.168478] Initializing cgroup subsys pids
[    0.170477] mce: CPU supports 0 MCE banks
[    0.171386] Last level iTLB entries: 4KB 64, 2MB 8, 4MB 8
[    0.172498] Last level dTLB entries: 4KB 64, 2MB 0, 4MB 0, 1GB 4
[    0.173659] Spectre V2 : Mitigation: Full generic retpoline
[    0.174870] Spectre V2 : Spectre v2 / SpectreRSB mitigation: Filling RSB on context switch
[    0.176695] Speculative Store Bypass: Vulnerable
[    0.180555] Freeing SMP alternatives memory: 36K
[    0.187187] ftrace: allocating 32287 entries in 127 pages
[    0.243552] smpboot: APIC(0) Converting physical 0 to logical package 0
[    0.244987] smpboot: Max logical packages: 1
[    0.246303] x2apic enabled
[    0.247314] Switched APIC routing to physical x2apic.
[    0.249723] ..TIMER: vector=0x30 apic1=0 pin1=2 apic2=-1 pin2=-1
[    0.356545] smpboot: CPU0: Intel(R) Core(TM) i7-8750H CPU @ 2.20GHz (family: 0x6, model: 0x9e, stepping: 0xa)
[    0.358910] Performance Events: unsupported p6 CPU model 158 no PMU driver, software events only.
[    0.368731] KVM setup paravirtual spinlock
[    0.370186] x86: Booting SMP configuration:
[    0.371107] .... node  #0, CPUs:      #1
[    0.372181] kvm-clock: cpu 1, msr 0:3ffe3041, secondary cpu clock
[    0.374004] mce: CPU supports 0 MCE banks
[    0.376601] x86: Booted up 1 node, 2 CPUs
[    0.377811] smpboot: Total of 2 processors activated (8831.97 BogoMIPS)
[    0.379677] devtmpfs: initialized
[    0.381740] evm: security.selinux
[    0.382584] evm: security.SMACK64
[    0.383426] evm: security.SMACK64EXEC
[    0.384295] evm: security.SMACK64TRANSMUTE
[    0.385265] evm: security.SMACK64MMAP
[    0.386223] evm: security.ima
[    0.386986] evm: security.capability
[    0.388026] clocksource: jiffies: mask: 0xffffffff max_cycles: 0xffffffff, max_idle_ns: 7645041785100000 ns
[    0.390226] futex hash table entries: 512 (order: 3, 32768 bytes)
[    0.391596] pinctrl core: initialized pinctrl subsystem
[    0.392934] RTC time:  7:18:26, date: 05/06/19
[    0.394083] NET: Registered protocol family 16
[    0.405708] cpuidle: using governor ladder
[    0.417427] cpuidle: using governor menu
[    0.418409] PCCT header not found.
[    0.419400] ACPI: bus type PCI registered
[    0.420419] acpiphp: ACPI Hot Plug PCI Controller Driver version: 0.5
[    0.421820] PCI: Using configuration type 1 for base access
[    0.433098] ACPI: Added _OSI(Module Device)
[    0.434075] ACPI: Added _OSI(Processor Device)
[    0.435065] ACPI: Added _OSI(3.0 _SCP Extensions)
[    0.436143] ACPI: Added _OSI(Processor Aggregator Device)
[    0.437944] ACPI: Executed 1 blocks of module-level executable AML code
[    0.442222] ACPI: Interpreter enabled
[    0.443089] ACPI: (supports S0 S5)
[    0.443958] ACPI: Using IOAPIC for interrupt routing
[    0.445266] PCI: Using host bridge windows from ACPI; if necessary, use "pci=nocrs" and report a bug
[    0.450383] ACPI: PCI Root Bridge [PCI0] (domain 0000 [bus 00-ff])
[    0.452464] acpi PNP0A03:00: _OSC: OS supports [ASPM ClockPM Segments MSI]
[    0.454232] acpi PNP0A03:00: _OSC: not requesting OS control; OS requires [ExtendedConfig ASPM ClockPM MSI]
[    0.456424] acpi PNP0A03:00: fail to add MMCONFIG information, can't access extended PCI configuration space under this bridge.
[    0.459090] PCI host bridge to bus 0000:00
[    0.460134] pci_bus 0000:00: root bus resource [io  0x0000-0x0cf7 window]
[    0.461521] pci_bus 0000:00: root bus resource [io  0x0d00-0xffff window]
[    0.462876] pci_bus 0000:00: root bus resource [mem 0x000a0000-0x000bffff window]
[    0.464615] pci_bus 0000:00: root bus resource [mem 0x40000000-0xfdffffff window]
[    0.466334] pci_bus 0000:00: root bus resource [bus 00-ff]
[    0.469188] pci 0000:00:01.1: legacy IDE quirk: reg 0x10: [io  0x01f0-0x01f7]
[    0.470624] pci 0000:00:01.1: legacy IDE quirk: reg 0x14: [io  0x03f6]
[    0.471973] pci 0000:00:01.1: legacy IDE quirk: reg 0x18: [io  0x0170-0x0177]
[    0.473462] pci 0000:00:01.1: legacy IDE quirk: reg 0x1c: [io  0x0376]
[    0.484431] pci 0000:00:07.0: quirk: [io  0x4000-0x403f] claimed by PIIX4 ACPI
[    0.486210] pci 0000:00:07.0: quirk: [io  0x4100-0x410f] claimed by PIIX4 SMB
[    0.504869] ACPI: PCI Interrupt Link [LNKA] (IRQs 5 9 10 *11)
[    0.506804] ACPI: PCI Interrupt Link [LNKB] (IRQs 5 9 *10 11)
[    0.508702] ACPI: PCI Interrupt Link [LNKC] (IRQs 5 *9 10 11)
[    0.510348] ACPI: PCI Interrupt Link [LNKD] (IRQs 5 9 10 *11)
[    0.512006] ACPI: Enabled 2 GPEs in block 00 to 07
[    0.513249] vgaarb: setting as boot device: PCI:0000:00:02.0
[    0.514422] vgaarb: device added: PCI:0000:00:02.0,decodes=io+mem,owns=io+mem,locks=none
[    0.516172] vgaarb: loaded
[    0.516856] vgaarb: bridge control possible 0000:00:02.0
[    0.518071] SCSI subsystem initialized
[    0.519010] ACPI: bus type USB registered
[    0.519932] usbcore: registered new interface driver usbfs
[    0.520998] usbcore: registered new interface driver hub
[    0.522059] usbcore: registered new device driver usb
[    0.523311] PCI: Using ACPI for IRQ routing
[    0.524555] NetLabel: Initializing
[    0.525348] NetLabel:  domain hash size = 128
[    0.526293] NetLabel:  protocols = UNLABELED CIPSOv4
[    0.527968] NetLabel:  unlabeled traffic allowed by default
[    0.529261] amd_nb: Cannot enumerate AMD northbridges
[    0.530350] clocksource: Switched to clocksource kvm-clock
[    0.537119] AppArmor: AppArmor Filesystem Enabled
[    0.538320] pnp: PnP ACPI init
[    0.539859] pnp: PnP ACPI: found 3 devices
[    0.549439] clocksource: acpi_pm: mask: 0xffffff max_cycles: 0xffffff, max_idle_ns: 2085701024 ns
[    0.551462] NET: Registered protocol family 2
[    0.552568] TCP established hash table entries: 8192 (order: 4, 65536 bytes)
[    0.554027] TCP bind hash table entries: 8192 (order: 5, 131072 bytes)
[    0.555456] TCP: Hash tables configured (established 8192 bind 8192)
[    0.556766] UDP hash table entries: 512 (order: 2, 16384 bytes)
[    0.558047] UDP-Lite hash table entries: 512 (order: 2, 16384 bytes)
[    0.559369] NET: Registered protocol family 1
[    0.560358] pci 0000:00:00.0: Limiting direct PCI/PCI transfers
[    0.561579] pci 0000:00:01.0: Activating ISA DMA hang workarounds
[    0.563001] Unpacking initramfs...
[    0.728968] Freeing initrd memory: 14824K
[    0.730361] platform rtc_cmos: registered platform RTC device (no PNP device found)
[    0.732285] Scanning for low memory corruption every 60 seconds
[    0.734019] audit: initializing netlink subsys (disabled)
[    0.735294] audit: type=2000 audit(1557127111.039:1): initialized
[    0.736809] Initialise system trusted keyring
[    0.738044] HugeTLB registered 2 MB page size, pre-allocated 0 pages
[    0.740468] zbud: loaded
[    0.741553] VFS: Disk quotas dquot_6.6.0
[    0.742539] VFS: Dquot-cache hash table entries: 512 (order 0, 4096 bytes)
[    0.744893] squashfs: version 4.0 (2009/01/31) Phillip Lougher
[    0.746597] fuse init (API version 7.23)
[    0.747732] Key type big_key registered
[    0.748708] Allocating IMA MOK and blacklist keyrings.
[    0.751315] Key type asymmetric registered
[    0.752266] Asymmetric key parser 'x509' registered
[    0.753386] Block layer SCSI generic (bsg) driver version 0.4 loaded (major 249)
[    0.755210] io scheduler noop registered
[    0.756125] io scheduler deadline registered (default)
[    0.757258] io scheduler cfq registered
[    0.758249] pci_hotplug: PCI Hot Plug PCI Core version: 0.5
[    0.759491] pciehp: PCI Express Hot Plug Controller Driver version: 0.4
[    0.760990] ACPI: AC Adapter [AC] (on-line)
[    0.762031] input: Power Button as /devices/LNXSYSTM:00/LNXPWRBN:00/input/input0
[    0.763805] ACPI: Power Button [PWRF]
[    0.764752] input: Sleep Button as /devices/LNXSYSTM:00/LNXSLPBN:00/input/input1
[    0.766452] ACPI: Sleep Button [SLPF]
[    0.767566] GHES: HEST is not enabled!
[    0.768120] ACPI: Battery Slot [BAT0] (battery present)
[    0.769837] Serial: 8250/16550 driver, 32 ports, IRQ sharing enabled
	
ghijklmnopqrstuvwxÑÖÜáàâäãåçéèêëíìîïñóòôöõúùûü†°¢£§•¶ß®©™´¨≠ÆØ∞±≤≥¥µ∂∑∏π∫ªºΩæø¿¡¬√ƒ≈∆«»… ÀÃÕŒœ–—“”‘’÷◊ÿŸ⁄€‹›ﬁﬂ‡·‚„‰ÂÊÁËÈÍÎÏÌÓÔÒÚÛÙıˆ˜¯˘˙˚¸˝˛ˇ[    0.792469] 00:02: ttyS0 at I/O 0x3f8 (irq = 4, base_baud = 115200) is a 16550A
[    0.796626] Linux agpgart interface v0.103
[    0.799329] loop: module loaded
[    0.800586] scsi host0: ata_piix
[    0.801504] scsi host1: ata_piix
[    0.802352] ata1: PATA max UDMA/33 cmd 0x1f0 ctl 0x3f6 bmdma 0xd000 irq 14
[    0.803772] ata2: PATA max UDMA/33 cmd 0x170 ctl 0x376 bmdma 0xd008 irq 15
[    0.805254] libphy: Fixed MDIO Bus: probed
[    0.806276] tun: Universal TUN/TAP device driver, 1.6
[    0.807390] tun: (C) 1999-2004 Max Krasnyansky <maxk@qualcomm.com>
[    0.808763] PPP generic driver version 2.4.2
[    0.809858] ehci_hcd: USB 2.0 'Enhanced' Host Controller (EHCI) Driver
[    0.811232] ehci-pci: EHCI PCI platform driver
[    0.812240] ehci-platform: EHCI generic platform driver
[    0.813377] ohci_hcd: USB 1.1 'Open' Host Controller (OHCI) Driver
[    0.814762] ohci-pci: OHCI PCI platform driver
[    0.815777] ohci-platform: OHCI generic platform driver
[    0.816905] uhci_hcd: USB Universal Host Controller Interface driver
[    0.818253] i8042: PNP: PS/2 Controller [PNP0303:PS2K,PNP0f03:PS2M] at 0x60,0x64 irq 1,12
[    0.820542] serio: i8042 KBD port at 0x60,0x64 irq 1
[    0.821646] serio: i8042 AUX port at 0x60,0x64 irq 12
[    0.822979] mousedev: PS/2 mouse device common for all mice
[    0.824547] input: AT Translated Set 2 keyboard as /devices/platform/i8042/serio0/input/input2
[    0.826866] rtc_cmos rtc_cmos: rtc core: registered rtc_cmos as rtc0
[    0.828317] rtc_cmos rtc_cmos: alarms up to one day, 114 bytes nvram
[    0.829695] i2c /dev entries driver
[    0.830573] device-mapper: uevent: version 1.0.3
[    0.831769] device-mapper: ioctl: 4.34.0-ioctl (2015-10-28) initialised: dm-devel@redhat.com
[    0.833721] ledtrig-cpu: registered to indicate activity on CPUs
[    0.835421] NET: Registered protocol family 10
[    0.836662] NET: Registered protocol family 17
[    0.837670] Key type dns_resolver registered
[    0.839182] registered taskstats version 1
[    0.840158] Loading compiled-in X.509 certificates
[    0.841644] Loaded X.509 cert 'Build time autogenerated kernel key: 4dcb2dc2c7cf43e0c20c44384f68683c20294489'
[    0.843807] zswap: loaded using pool lzo/zbud
[    0.846181] Key type trusted registered
[    0.849556] Key type encrypted registered
[    0.850493] AppArmor: AppArmor sha1 policy hashing enabled
[    0.851758] ima: No TPM chip found, activating TPM-bypass!
[    0.852937] ima: Allocated hash algorithm: sha1
[    0.853974] evm: HMAC attrs: 0x1
[    0.855123]   Magic number: 3:455:318
[    0.856012] tty tty43: hash matches
[    0.856962] rtc_cmos rtc_cmos: setting system clock to 2019-05-06 07:18:26 UTC (1557127106)
[    0.858960] BIOS EDD facility v0.16 2004-Jun-25, 0 devices found
[    0.860205] EDD information not available.
[    0.963338] Freeing unused kernel memory: 1484K
[    0.964388] Write protecting the kernel read-only data: 14336k
[    0.965969] Freeing unused kernel memory: 1620K
[    0.967297] Freeing unused kernel memory: 68K
Loading, please wait...
starting version 229
[    0.979107] random: systemd-udevd: uninitialized urandom read (16 bytes read, 3 bits of entropy available)
[    0.979586] random: udevadm: uninitialized urandom read (16 bytes read, 3 bits of entropy available)
[    0.979599] random: udevadm: uninitialized urandom read (16 bytes read, 3 bits of entropy available)
[    0.985128] random: systemd-udevd: uninitialized urandom read (16 bytes read, 3 bits of entropy available)
[    0.986250] random: udevadm: uninitialized urandom read (16 bytes read, 3 bits of entropy available)
[    0.986280] random: udevadm: uninitialized urandom read (16 bytes read, 3 bits of entropy available)
[    0.986482] random: udevadm: uninitialized urandom read (16 bytes read, 3 bits of entropy available)
[    0.986522] random: udevadm: uninitialized urandom read (16 bytes read, 3 bits of entropy available)
[    0.986561] random: udevadm: uninitialized urandom read (16 bytes read, 3 bits of entropy available)
[    0.986599] random: udevadm: uninitialized urandom read (16 bytes read, 3 bits of entropy available)
[    1.018956] Fusion MPT base driver 3.04.20
[    1.019937] Copyright (c) 1999-2008 LSI Corporation
[    1.021160] e1000: Intel(R) PRO/1000 Network Driver - version 7.3.21-k8-NAPI
[    1.023474] e1000: Copyright (c) 1999-2006 Intel Corporation.
[    1.026650] Fusion MPT SPI Host driver 3.04.20
[    1.044807] AVX2 version of gcm_enc/dec engaged.
[    1.045905] AES CTR mode by8 optimization enabled
[    1.234449] input: ImExPS/2 Generic Explorer Mouse as /devices/platform/i8042/serio1/input/input4
[    1.391662] e1000 0000:00:03.0 eth0: (PCI:33MHz:32-bit) 02:26:7f:6e:ca:81
[    1.393061] e1000 0000:00:03.0 eth0: Intel(R) PRO/1000 Network Connection
[    1.801344] tsc: Refined TSC clocksource calibration: 2207.692 MHz
[    1.802616] clocksource: tsc: mask: 0xffffffffffffffff max_cycles: 0x1fd29512226, max_idle_ns: 440795210346 ns
[    1.827556] e1000 0000:00:08.0 eth1: (PCI:33MHz:32-bit) 08:00:27:3d:82:b1
[    1.829094] e1000 0000:00:08.0 eth1: Intel(R) PRO/1000 Network Connection
[    1.831687] e1000 0000:00:03.0 enp0s3: renamed from eth0
[    1.833264] mptbase: ioc0: Initiating bringup
[    1.846584] e1000 0000:00:08.0 enp0s8: renamed from eth1
[    1.898562] ioc0: LSI53C1030 A0: Capabilities={Initiator}
[    2.061065] scsi host2: ioc0: LSI53C1030 A0, FwRev=00000000h, Ports=1, MaxQ=256, IRQ=20
[    2.175236] scsi 2:0:0:0: Direct-Access     VBOX     HARDDISK         1.0  PQ: 0 ANSI: 5
[    2.177178] scsi target2:0:0: Beginning Domain Validation
[    2.180158] scsi target2:0:0: Domain Validation skipping write tests
[    2.181470] scsi target2:0:0: Ending Domain Validation
[    2.182647] scsi target2:0:0: asynchronous
[    2.184388] scsi 2:0:1:0: Direct-Access     VBOX     HARDDISK         1.0  PQ: 0 ANSI: 5
[    2.186140] scsi target2:0:1: Beginning Domain Validation
[    2.189200] scsi target2:0:1: Domain Validation skipping write tests
[    2.201624] scsi target2:0:1: Ending Domain Validation
[    2.202904] scsi target2:0:1: asynchronous
[    2.209660] sd 2:0:0:0: Attached scsi generic sg0 type 0
[    2.210949] sd 2:0:0:0: [sda] 20971520 512-byte logical blocks: (10.7 GB/10.0 GiB)
[    2.213091] sd 2:0:1:0: Attached scsi generic sg1 type 0
[    2.214379] sd 2:0:1:0: [sdb] 20480 512-byte logical blocks: (10.5 MB/10.0 MiB)
[    2.216110] sd 2:0:0:0: [sda] Write Protect is off
[    2.217547] sd 2:0:1:0: [sdb] Write Protect is off
[    2.218607] sd 2:0:0:0: [sda] Incomplete mode parameter data
[    2.219901] sd 2:0:0:0: [sda] Assuming drive cache: write through
[    2.221297] sd 2:0:1:0: [sdb] Incomplete mode parameter data
[    2.222487] sd 2:0:1:0: [sdb] Assuming drive cache: write through
[    2.225677]  sda: sda1
[    2.228392] sd 2:0:0:0: [sda] Attached SCSI disk
[    2.228766] sd 2:0:1:0: [sdb] Attached SCSI disk
Begin: Loading essential drivers ... [    3.618402] md: linear personality registered for level -1
[    3.621643] md: multipath personality registered for level -4
[    3.624765] md: raid0 personality registered for level 0
[    3.628804] md: raid1 personality registered for level 1
[    3.698877] raid6: sse2x1   gen() 13590 MB/s
[    3.767719] raid6: sse2x1   xor() 10173 MB/s
[    3.834625] raid6: sse2x2   gen() 15633 MB/s
[    3.902889] raid6: sse2x2   xor() 11432 MB/s
[    3.970361] raid6: sse2x4   gen() 18614 MB/s
[    4.038562] raid6: sse2x4   xor() 12473 MB/s
[    4.106877] raid6: avx2x1   gen() 26881 MB/s
[    4.175199] raid6: avx2x2   gen() 30819 MB/s
[    4.242536] raid6: avx2x4   gen() 33268 MB/s
[    4.243623] raid6: using algorithm avx2x4 gen() 33268 MB/s
[    4.244836] raid6: using avx2x2 recovery algorithm
[    4.246969] xor: automatically using best checksumming function:
[    4.286465]    avx       : 30534.000 MB/sec
[    4.288335] async_tx: api initialized (async)
[    4.296401] md: raid6 personality registered for level 6
[    4.297554] md: raid5 personality registered for level 5
[    4.298703] md: raid4 personality registered for level 4
[    4.304828] md: raid10 personality registered for level 10
done.
Begin: Running /scripts/init-premount ... done.
Begin: Mounting root file system ... Begin: Running /scripts/local-top ... done.
Begin: Running /scripts/local-premount ... [    4.331191] Btrfs loaded
Scanning for Btrfs filesystems
done.
Warning: fsck not present, so skipping root file system
[    4.352662] EXT4-fs (sda1): mounted filesystem with ordered data mode. Opts: (null)
done.
Begin: Running /scripts/local-bottom ... done.
Begin: Running /scripts/init-bottom ... done.
[    4.424561] systemd[1]: systemd 229 running in system mode. (+PAM +AUDIT +SELINUX +IMA +APPARMOR +SMACK +SYSVINIT +UTMP +LIBCRYPTSETUP +GCRYPT +GNUTLS +ACL +XZ -LZ4 +SECCOMP +BLKID +ELFUTILS +KMOD -IDN)
[    4.428465] systemd[1]: Detected virtualization oracle.
[    4.429623] systemd[1]: Detected architecture x86-64.

Welcome to [1mUbuntu 16.04.6 LTS[0m!

[    4.439107] systemd[1]: Set hostname to <ubuntu>.
[    4.442065] systemd[1]: Initializing machine ID from random generator.
[    4.443447] systemd[1]: Installed transient /etc/machine-id file.
[    4.542732] systemd[1]: Listening on udev Control Socket.
[[0;32m  OK  [0m] Listening on udev Control Socket.
[    4.544727] systemd[1]: Listening on Journal Audit Socket.
[[0;32m  OK  [0m] Listening on Journal Audit Socket.
[    4.546683] systemd[1]: Created slice User and Session Slice.
[[0;32m  OK  [0m] Created slice User and Session Slice.
[    4.548633] systemd[1]: Listening on /dev/initctl Compatibility Named Pipe.
[[0;32m  OK  [0m] Listening on /dev/initctl Compatibility Named Pipe.
[    4.550890] systemd[1]: Listening on Journal Socket.
[[0;32m  OK  [0m] Listening on Journal Socket.
[    4.552645] systemd[1]: Reached target User and Group Name Lookups.
[[0;32m  OK  [0m] Reached target User and Group Name Lookups.
[    4.554700] systemd[1]: Reached target Encrypted Volumes.
[[0;32m  OK  [0m] Reached target Encrypted Volumes.
[    4.556457] systemd[1]: Started Trigger resolvconf update for networkd DNS.
[[0;32m  OK  [0m] Started Trigger resolvconf update for networkd DNS.
[    4.558798] systemd[1]: Reached target Swap.
[[0;32m  OK  [0m] Reached target Swap.
[    4.560401] systemd[1]: Started Forward Password Requests to Wall Directory Watch.
[[0;32m  OK  [0m] Started Forward Password Requests to Wall Directory Watch.
[    4.570675] systemd[1]: Listening on Device-mapper event daemon FIFOs.
[[0;32m  OK  [0m] Listening on Device-mapper event daemon FIFOs.
[    4.578518] systemd[1]: Listening on udev Kernel Socket.
[[0;32m  OK  [0m] Listening on udev Kernel Socket.
[    4.587408] systemd[1]: Set up automount Arbitrary Executable File Formats File System Automount Point.
[[0;32m  OK  [0m] Set up automount Arbitrary Executab...ats File System Automount Point.
[    4.595163] systemd[1]: Listening on Syslog Socket.
[[0;32m  OK  [0m] Listening on Syslog Socket.
[    4.602905] systemd[1]: Listening on LVM2 poll daemon socket.
[[0;32m  OK  [0m] Listening on LVM2 poll daemon socket.
[    4.610819] systemd[1]: Listening on Journal Socket (/dev/log).
[[0;32m  OK  [0m] Listening on Journal Socket (/dev/log).
[    4.618736] systemd[1]: Listening on LVM2 metadata daemon socket.
[[0;32m  OK  [0m] Listening on LVM2 metadata daemon socket.
[    4.626815] systemd[1]: Created slice System Slice.
[[0;32m  OK  [0m] Created slice System Slice.
[    4.651126] systemd[1]: Starting Journal Service...
         Starting Journal Service...
[    4.653383] systemd[1]: Starting Set console keymap...
         Starting Set console keymap...
[    4.655202] systemd[1]: Reached target Slices.
[[0;32m  OK  [0m] Reached target Slices.
[    4.657457] systemd[1]: Mounting POSIX Message Queue File System...
         Mounting POSIX Message Queue File System...
[    4.660070] systemd[1]: Starting Remount Root and Kernel File Systems...
         Starting Remount Root and Kernel File Systems...
[    4.662487] systemd[1]: Created slice system-serial\x2dgetty.slice.
[[0;32m  OK  [0m] Created slice system-serial\x2dgetty.slice.
[    4.665936] EXT4-fs (sda1): re-mounted. Opts: (null)
[    4.672055] systemd[1]: Starting Load Kernel Modules...
         Starting Load Kernel Modules...
[    4.679187] Loading iSCSI transport class v2.0-870.
[    4.679660] systemd[1]: Starting Create list of required static device nodes for the current kernel...
         Starting Create list of required st... nodes for the current kernel...
[    4.684154] systemd[1]: Mounting Huge Pages File System...
         Mounting Huge Pages File System...
[    4.686934] systemd[1]: Mounting Debug File System...
         Mounting Debug File System...
[    4.691515] iscsi: registered transport (tcp)
[    4.694967] systemd[1]: Starting Monitoring of LVM2 mirrors, snapshots etc. using dmeventd or progress polling...
         Starting Monitoring of LVM2 mirrors... dmeventd or progress polling...
[    4.698885] systemd[1]: Starting Uncomplicated firewall...
         Starting Uncomplicated firewall...
[    4.707082] systemd[1]: Starting Nameserver information manager...
         Starting Nameserver information manager...
[    4.709096] systemd[1]: Reached target System Time Synchronized.
[[0;32m  OK  [0m] Reached target System Time Synchronized.
[    4.712895] systemd[1]: Mounted Debug File System.
[[0;32m  OK  [0m] Mounted Debug File System.
[    4.714636] systemd[1]: Mounted Huge Pages File System.
[[0;32m  OK  [0m] Mounted Huge Pages File System.
[    4.716442] systemd[1]: Mounted POSIX Message Queue File System.
[[0;32m  OK  [0m] Mounted POSIX Message Queue File System.
[    4.718534] systemd[1]: Started Journal Service.
[[0;32m  OK  [0m] Started Journal Service.
[[0;32m  OK  [0m] Started Remount Root and Kernel File Systems.
[[0;32m  OK  [0m] Started Create list of required sta...ce nodes for the current kernel.
[    4.725085] iscsi: registered transport (iser)
[[0;32m  OK  [0m] Started Uncomplicated firewall.
[[0;32m  OK  [0m] Started Load Kernel Modules.
[[0;32m  OK  [0m] Started Nameserver information manager.
[[0;32m  OK  [0m] Started Set console keymap.
[[0;32m  OK  [0m] Started LVM2 metadata daemon.
         Mounting FUSE Control File System...
         Starting Apply Kernel Variables...
         Starting Create Static Device Nodes in /dev...
         Starting Load/Save Random Seed...
         Starting udev Coldplug all Devices...
         Starting Flush Journal to Persistent Storage...
[[0;32m  OK  [0m] Mounted FUSE Control File System.
[[0;32m  OK  [0m] Started Load/Save Random Seed.
[[0;32m  OK  [0m] Started Apply Kernel Variables.
[[0;32m  OK  [0m] Started Create Static Device Nodes in /dev.
[[0;32m  OK  [0m] Started Flush Journal to Persistent Storage.
[[0;32m  OK  [0m] Started udev Coldplug all Devices.
         Starting udev Kernel Device Manager...
[[0;32m  OK  [0m] Started udev Kernel Device Manager.
[[0;32m  OK  [0m] Started Dispatch Password Requests to Console Directory Watch.
[[0;32m  OK  [0m] Found device /dev/ttyS0.
[[0;32m  OK  [0m] Listening on Load/Save RF Kill Switch Status /dev/rfkill Watch.
[[0;32m  OK  [0m] Started Monitoring of LVM2 mirrors,...ng dmeventd or progress polling.
[[0;32m  OK  [0m] Reached target Local File Systems (Pre).
[[0;32m  OK  [0m] Reached target Local File Systems.
         Starting Tell Plymouth To Write Out Runtime Data...
         Starting Set console font and keymap...
         Starting Create Volatile Files and Directories...
         Starting LSB: AppArmor initialization...
         Starting Initial cloud-init job (pre-networking)...
         Starting Commit a transient machine-id on disk...
[[0;32m  OK  [0m] Started Tell Plymouth To Write Out Runtime Data.
[[0;32m  OK  [0m] Started Create Volatile Files and Directories.
[[0;32m  OK  [0m] Started Commit a transient machine-id on disk.
         Starting Update UTMP about System Boot/Shutdown...
[[0;32m  OK  [0m] Started Update UTMP about System Boot/Shutdown.
[[0;32m  OK  [0m] Started Set console font and keymap.
[[0;32m  OK  [0m] Created slice system-getty.slice.
[    6.784561] cloud-init[658]: Cloud-init v. 18.5-45-g3554ffe8-0ubuntu1~16.04.1 running 'init-local' at Mon, 06 May 2019 07:18:32 +0000. Up 6.41 seconds.
[[0;32m  OK  [0m] Started Initial cloud-init job (pre-networking).
[[0;32m  OK  [0m] Reached target Network (Pre).
[[0;32m  OK  [0m] Started LSB: AppArmor initialization.
         Starting Raise network interfaces...
[[0;32m  OK  [0m] Started Raise network interfaces.
[[0;32m  OK  [0m] Reached target Network.
         Starting Initial cloud-init job (metadata service crawler)...
[    7.973909] cloud-init[952]: Cloud-init v. 18.5-45-g3554ffe8-0ubuntu1~16.04.1 running 'init' at Mon, 06 May 2019 07:18:33 +0000. Up 7.58 seconds.
[    7.975956] cloud-init[952]: ci-info: ++++++++++++++++++++++++++++++++++++++Net device info+++++++++++++++++++++++++++++++++++++++
[    7.977735] cloud-init[952]: ci-info: +--------+-------+----------------------------+---------------+--------+-------------------+
[    7.979457] cloud-init[952]: ci-info: | Device |   Up  |          Address           |      Mask     | Scope  |     Hw-Address    |
[    7.984989] cloud-init[952]: ci-info: +--------+-------+----------------------------+---------------+--------+-------------------+
[    7.992625] cloud-init[952]: ci-info: | enp0s3 |  True |         10.0.2.15          | 255.255.255.0 | global | 02:26:7f:6e:ca:81 |
[    7.994478] cloud-init[952]: ci-info: | enp0s3 |  True | fe80::26:7fff:fe6e:ca81/64 |       .       |  link  | 02:26:7f:6e:ca:81 |
[    7.996415] cloud-init[952]: ci-info: | enp0s8 | False |             .              |       .       |   .    | 08:00:27:3d:82:b1 |
[    8.004811] cloud-init[952]: ci-info: |   lo   |  True |         127.0.0.1          |   255.0.0.0   |  host  |         .         |
[    8.006413] cloud-init[952]: ci-info: |   lo   |  True |          ::1/128           |       .       |  host  |         .         |
[    8.007995] cloud-init[952]: ci-info: +--------+-------+----------------------------+---------------+--------+-------------------+
[    8.009704] cloud-init[952]: ci-info: +++++++++++++++++++++++++++Route IPv4 info++++++++++++++++++++++++++++
[    8.011183] cloud-init[952]: ci-info: +-------+-------------+----------+---------------+-----------+-------+
[    8.012824] cloud-init[952]: ci-info: | Route | Destination | Gateway  |    Genmask    | Interface | Flags |
[    8.014254] cloud-init[952]: ci-info: +-------+-------------+----------+---------------+-----------+-------+
[    8.015737] cloud-init[952]: ci-info: |   0   |   0.0.0.0   | 10.0.2.2 |    0.0.0.0    |   enp0s3  |   UG  |
[    8.017262] cloud-init[952]: ci-info: |   1   |   10.0.2.0  | 0.0.0.0  | 255.255.255.0 |   enp0s3  |   U   |
[    8.018680] cloud-init[952]: ci-info: +-------+-------------+----------+---------------+-----------+-------+
[    8.020138] cloud-init[952]: ci-info: +++++++++++++++++++Route IPv6 info+++++++++++++++++++
[    8.021429] cloud-init[952]: ci-info: +-------+-------------+---------+-----------+-------+
[    8.022734] cloud-init[952]: ci-info: | Route | Destination | Gateway | Interface | Flags |
[    8.024045] cloud-init[952]: ci-info: +-------+-------------+---------+-----------+-------+
[    8.025353] cloud-init[952]: ci-info: |   0   |  fe80::/64  |    ::   |   enp0s3  |   U   |
[    8.026619] cloud-init[952]: ci-info: |   3   |   ff00::/8  |    ::   |   enp0s3  |   U   |
[    8.027943] cloud-init[952]: ci-info: +-------+-------------+---------+-----------+-------+
[    8.036415] cloud-init[952]: Generating public/private rsa key pair.
[    8.044292] [[0;32m  OK  [0m] Started Initial cloud-init job (metadata service crawler).
cloud-init[952]: Your identification has been saved in /etc/ssh/ssh_host_rsa_key.[[0;32m  OK  [0m] Reached target System Initialization.
[[0;32m  OK  [0m] Listening on UUID daemon activation socket.

[    8.047098] [cloud-init[0;32m  OK  [0m[952]: ] Your public key has been saved in /etc/ssh/ssh_host_rsa_key.pub.Started ACPI Events Check.

[    8.047941] [[0;32m  OK  [0m] Reached target Paths.
[[0;32m  OK  [0m] Listening on ACPID Listen Socket.
cloud-init[952]: The key fingerprint is:
[    8.056914] [[0;32m  OK  [0m] Listening on D-Bus System Message Bus Socket.
[[0;32m  OK  [0m] Started Daily Cleanup of Temporary Directories.cloud-init
[952]: SHA256:OmSUnbe5Vs5KS7xuO7koBKKAXgDXtkDahFe0Tu/r8+I root@ubuntu-xenial
[    8.059147]          Starting Socket activation for snappy daemon.
[[0;32m  OK  [0mcloud-init] [952]: Started Daily apt download activities.The key's randomart image is:

[    8.060976] [[0;32m  OK  [0m] Started Daily apt upgrade and clean activities.
[[0;32m  OK  [0m] Reached target Timers.
cloud-init[952]:          Starting LXD - unix socket.
[[0;32m  OK  [0m] Reached target Network is Online.
+---[RSA 2048]----+
[    8.063502] cloud-init[952]: |oo++o            |
[    8.064371] cloud-init[952]: |.*o o. o .       |
[    8.065204] cloud-init[952]: |o.ooo.o o .      |
[    8.066057] cloud-init[952]: |o .+oo   . o     |
[    8.066885] cloud-init[952]: |o.....+ S o .    |
[    8.067705] cloud-init[952]: |..   +.. . =     |
[    8.068550] cloud-init[952]: |     .+   *.o    |
[    8.069377] cloud-init[952]: |      +o =++     |
[    8.070202] cloud-init[952]: |     oE=ooB+     |
[    8.071013] cloud-init[952]: +----[SHA256]-----+
[    8.071866] cloud-init[952]: Generating public/private dsa key pair.
[    8.072687] cloud-init[952]: Your identification has been saved in /etc/ssh/ssh_host_dsa_key.
[    8.073855] cloud-init[952]: Your public key has been saved in /etc/ssh/ssh_host_dsa_key.pub.
[    8.075025] cloud-init[952]: The key fingerprint is:
[    8.075878] cloud-init[952]: SHA256:PDcEC8wxst4EvxHWpIG6PCbBrRvJegaVogMQ32KPWzs root@ubuntu-xenial
[    8.077117] cloud-init[952]: The key's randomart image is:
[    8.077815] cloud-init[952]: +---[DSA 1024]----+
[    8.078633] cloud-init[952]: |..  o+B+o        |
[    8.079395] cloud-init[952]: |.. ..*o*.o       |
         Starting iSCSI initiator daemon (iscsid)...
[    8.080647] [[0;32m  OK  [0m] Reached target Cloud-config availability.
cloud-init[[0;32m  OK  [0m] Listening on Socket activation for snappy daemon.
[[0;32m  OK  [0m] Listening on LXD - unix socket.
[952]: |o =oo = . .      |
[    8.083510] cloud-init[952]: [[0;32m  OK  [0m] Reached target Sockets.
|+o+* o + .       |
[    8.084857] [[0;32m  OK  [0m] Reached target Basic System.
         Starting LXD - container startup/shutdown...
         Starting Accounts Service...
         Starting Virtualbox guest utils...
cloud-init         [952]: Starting Login Service...|+=+.+ o S o      |

[    8.088165]          cloud-initStarting System Logging Service...[952]: 
|===o .   o .     |
         Starting /etc/rc.local Compatibility...
[    8.089247] cloud-init[952]: |.=+.E            |
[    8.090549] cloud-init[952]: |..o  .           |
[    8.095734] cloud-init[952]: | o               |
[[0;32m  OK  [0m] Started Regular background program processing daemon.
[    8.102075] cloud-init[952]: +----[SHA256]-----+
[[0;32m  OK  [0m] Started D-Bus System Message Bus.
[    8.104648] cloud-init[952]: Generating public/private ecdsa key pair.
[    8.107597] cloud-init[952]: Your identification has been saved in /etc/ssh/ssh_host_ecdsa_key.
[    8.109402] cloud-init[952]: Your public key has been saved in /etc/ssh/ssh_host_ecdsa_key.pub.
[    8.110815] cloud-init[952]: The key fingerprint is:
[    8.112457] cloud-init[952]: SHA256:zZ9b4gLuH23runmwlK/L3Ak2R35TSv9AILVKUISmTxo root@ubuntu-xenial
[    8.114130] cloud-init[952]: The key's randomart image is:
[    8.116731] cloud-init[952]: +---[ECDSA 256]---+
[    8.117497] cloud-init[952]: |        .+o .    |
[    8.118376] cloud-init[952]: |        o. . .   |
[    8.119214] cloud-init[952]: |       o  o o    |
[    8.119996] cloud-init[952]: |      E .+ o .   |
[    8.121166] cloud-init[952]: |       =S +.. o .|
[    8.122085] cloud-init[952]: |      . o += + + |
[    8.122977] cloud-init[952]: |       . o=+O * .|
[    8.123894] cloud-init[952]: |        .+oXoB o.|
[    8.124773] cloud-init[952]: |       ...XOB   .|
[    8.125691] cloud-init[952]: +----[SHA256]-----+
[    8.126439] cloud-init[952]: Generating public/private ed25519 key pair.
[    8.127514] cloud-init[952]: Your identification has been saved in /etc/ssh/ssh_host_ed25519_key.
[    8.128734] cloud-init[952]: Your public key has been saved in /etc/ssh/ssh_host_ed25519_key.pub.
[    8.129934] cloud-init[952]: The key fingerprint is:
[    8.130727] cloud-init[952]: SHA256:OZHuGAYZYubu6qCdmkKJcRFxP3rC5OgL89ydqiZE7PA root@ubuntu-xenial
[    8.131998] cloud-init[952]: The key's randomart image is:
[    8.132908] cloud-init[952]: +--[ED25519 256]--+
[    8.133802] cloud-init[952]: |  *oo            |
[    8.134799] cloud-init[952]: | +.o +   .       |
         Starting LSB: Record successful boot for GRUB...
         Starting LSB: MD monitoring daemon...
         Starting Pollinate to seed the pseudo random number generator...
[[0;32m  OK  [0m] Started FUSE filesystem for LXC.
[[0;32m  OK  [0m] Started Deferred execution scheduler.
[    8.156879] cloud-init[952]: |. ..+ o o        |
[[0;32m  OK  [0m] Started ACPI event daemon.
[    8.165163] cloud-init[952]: |o+.= o o o       |
         Starting Snappy daemon...
[    8.175655] [[0;32m  OK  [0m] Started System Logging Service.
cloud-init[952]: |=++ = + S        |
[[0;32m  OK  [0m] Started LXD - container startup/shutdown.
[[0;32m  OK  [0m] Started /etc/rc.local Compatibility.
[    8.179192] cloud-init[952]: |.BE  + + .       |
[    8.186145] [[0;32m  OK  [0m] Started iSCSI initiator daemon (iscsid).
cloud-init[952]: |* o   . .        |
[    8.192228] cloud-init[952]: |=O.+ . .         |
[    8.193217] cloud-init[952]: |B=B.o.o          |
[    8.194048] cloud-init[952]: +----[SHA256]-----+
[[0;32m  OK  [0m] Started Login Service.
[[0;32m  OK  [0m] Started LSB: Record successful boot for GRUB.
[[0;32m  OK  [0m] Started Unattended Upgrades Shutdown.
         Starting Authenticate and Authorize Users to Run Privileged Tasks...
         Starting Login to default iSCSI targets...
[[0;32m  OK  [0m] Started LSB: MD monitoring daemon.
[[0;32m  OK  [0m] Started Authenticate and Authorize Users to Run Privileged Tasks.
[[0;32m  OK  [0m] Started Accounts Service.
[[0;32m  OK  [0m] Started Virtualbox guest utils.
[[0;32m  OK  [0m] Started Login to default iSCSI targets.
[[0;32m  OK  [0m] Started Snappy daemon.
         Starting Wait until snapd is fully seeded...
[[0;32m  OK  [0m] Reached target Remote File Systems (Pre).
[[0;32m  OK  [0m] Reached target Remote File Systems.
         Starting LSB: daemon to balance interrupts for SMP systems...
         Starting LSB: automatic crash report generation...
         Starting LSB: Set the CPU Frequency Scaling governor to "ondemand"...
         Starting Permit User Sessions...
[[0;32m  OK  [0m] Started Permit User Sessions.
         Starting Hold until boot process finishes up...
         Starting Terminate Plymouth Boot Screen...
[[0;32m  OK  [0m] Started LSB: daemon to balance interrupts for SMP systems.
[[0;32m  OK  [0m] Started LSB: automatic crash report generation.
[[0;32m  OK  [0m] Started LSB: Set the CPU Frequency Scaling governor to "ondemand".
[[0;32m  OK  [0m] Started Hold until boot process finishes up.
[[0;32m  OK  [0m] Started Terminate Plymouth Boot Screen.
[[0;32m  OK  [0m] Started Getty on tty1.
         Starting Set console scheme...
[[0;32m  OK  [0m] Started Serial Getty on ttyS0.
[[0;32m  OK  [0m] Reached target Login Prompts.
[[0;32m  OK  [0m] Started Set console scheme.
[[0;32m  OK  [0m] Started Pollinate to seed the pseudo random number generator.
         Starting OpenBSD Secure Shell server...
[[0;32m  OK  [0m] Started OpenBSD Secure Shell server.
[[0;32m  OK  [0m] Started Wait until snapd is fully seeded.
         Starting Apply the settings specified in cloud-config...
[[0;32m  OK  [0m] Reached target Multi-User System.
[[0;32m  OK  [0m] Reached target Graphical Interface.
         Starting Update UTMP about System Runlevel Changes...
[[0;32m  OK  [0m] Started Update UTMP about System Runlevel Changes.
[   11.367051] cloud-init[1291]: Generating locales (this might take a while)...
[   12.201788] cloud-init[1291]:   en_US.UTF-8... done
[   12.212426] cloud-init[1291]: Generation complete.
[   12.469251] cloud-init[1291]: Cloud-init v. 18.5-45-g3554ffe8-0ubuntu1~16.04.1 running 'modules:config' at Mon, 06 May 2019 07:18:37 +0000. Up 11.25 seconds.
[[0;32m  OK  [0m] Started Apply the settings specified in cloud-config.
         Starting Execute cloud user/final scripts...
ci-info: no authorized ssh keys fingerprints found for user ubuntu.
<14>May  6 07:18:38 ec2: 
<14>May  6 07:18:38 ec2: #############################################################
<14>May  6 07:18:38 ec2: -----BEGIN SSH HOST KEY FINGERPRINTS-----
<14>May  6 07:18:38 ec2: 1024 SHA256:PDcEC8wxst4EvxHWpIG6PCbBrRvJegaVogMQ32KPWzs root@ubuntu-xenial (DSA)
<14>May  6 07:18:38 ec2: 256 SHA256:zZ9b4gLuH23runmwlK/L3Ak2R35TSv9AILVKUISmTxo root@ubuntu-xenial (ECDSA)
<14>May  6 07:18:38 ec2: 256 SHA256:OZHuGAYZYubu6qCdmkKJcRFxP3rC5OgL89ydqiZE7PA root@ubuntu-xenial (ED25519)
<14>May  6 07:18:38 ec2: 2048 SHA256:OmSUnbe5Vs5KS7xuO7koBKKAXgDXtkDahFe0Tu/r8+I root@ubuntu-xenial (RSA)
<14>May  6 07:18:38 ec2: -----END SSH HOST KEY FINGERPRINTS-----
<14>May  6 07:18:38 ec2: #############################################################
-----BEGIN SSH HOST KEY KEYS-----
ecdsa-sha2-nistp256 AAAAE2VjZHNhLXNoYTItbmlzdHAyNTYAAAAIbmlzdHAyNTYAAABBBKExC5TbBfCRpWQydJzAGg6qk4E9k6ra8ick2eWQ8KZeoZXuYHseWpkvORctDer8Zenq93M5NbTqQWZfYbPSShU= root@ubuntu-xenial
ssh-ed25519 AAAAC3NzaC1lZDI1NTE5AAAAIGSOrSwaUv4SmRYWca/hl/b+B/GZ/4VZ/noFD2LrGZU9 root@ubuntu-xenial
ssh-rsa AAAAB3NzaC1yc2EAAAADAQABAAABAQDO8uSh8oDcSQd/bHdqFnZj4N7OlI8Ss3nTI4yNU2vtEH9g0E6Srr35RJtLOs2rZx8jzf/T0yRgtGMEMeUws0pFH4gtsC68Yb0NA2gTpdQrNbeaKcqA/w+QlUApLpvqt0KcsSEoee8xHUGUHSJVBOcVP23soe8R3+fBpbzZbpnS9sRqnSYS1FakN/dNFTQiJmFE2px94x+ptT7eqW6ftDvonXdUYskvRBPcG4E9JMf3dUxC0iqkN2BUHNO3HHIwjpcvMjHjTy7tm/px4F6lLYmba2YhiGKrHIB/xUFXcUS2x18RYqa/Ln8J92E/QPbDOAH3Pvn6EKXSHyaXSKtjafFD root@ubuntu-xenial
-----END SSH HOST KEY KEYS-----
[   13.008745] cloud-init[1335]: Cloud-init v. 18.5-45-g3554ffe8-0ubuntu1~16.04.1 running 'modules:final' at Mon, 06 May 2019 07:18:38 +0000. Up 12.85 seconds.
[   13.017052] cloud-init[1335]: ci-info: no authorized ssh keys fingerprints found for user ubuntu.
[   13.018204] cloud-init[1335]: Cloud-init v. 18.5-45-g3554ffe8-0ubuntu1~16.04.1 finished at Mon, 06 May 2019 07:18:38 +0000. Datasource DataSourceNoCloud [seed=/dev/sdb][dsmode=net].  Up 12.99 seconds
[[0;32m  OK  [0m] Started Execute cloud user/final scripts.
[[0;32m  OK  [0m] Reached target Cloud-init target.

Ubuntu 16.04.6 LTS ubuntu-xenial ttyS0

ubuntu-xenial login: 